Starting 
*** Empty library folder C:\eps_deploy\BitBucketBuild\BOBE\BuildOutput\standard 
***  
*** Create build log folder C:\eps_deploy\BitBucketBuild\BOBE\BuildOutput\standard\Logs 
***  
*** Create customer header folder C:\eps_deploy\BitBucketBuild\BOBE\BuildOutput\standard\HFiles 
***  
*** Create object folder C:\eps_deploy\BitBucketBuild\BOBE\BuildOutput\standard\Objects 
***  
*** C:\ghs\v850_V201517P01\ccrh850.exe exists :) 
***  
*** Search for header files in C:\Projekte\ASC_SAC 
***  
*** Search for c files in C:\Projekte\ASC_SAC 
***  
*** ******************************** 
*** ERROR: No c file available 
*** ******************************** 
***  
*** ********************************* 
*** ERROR occured 
*** See logfile C:\eps_deploy\BitBucketBuild\BOBE\BuildOutput\standard\Logs\Error.log 
*** ********************************* 
