Starting 
*** Empty library folder C:\eps_deploy\BitBucketBuild\BOBE\BuildOutput\standard_executable_file 
***  
*** Empty build log folder C:\eps_deploy\BitBucketBuild\BOBE\BuildOutput\standard_executable_file\Logs 
*** Deleting Error.log 
***  
*** Empty customer header folder C:\eps_deploy\BitBucketBuild\BOBE\BuildOutput\standard_executable_file\HFiles 
*** Deleting *.* 
***  
*** Empty object folder C:\eps_deploy\BitBucketBuild\BOBE\BuildOutput\standard_executable_file\Objects 
*** Deleting *.* 
***  
*** C:\toolbase\greenhills_rel\comp_202115_2fp_x64\ccrh850.exe exists :) 
***  
*** Search for header files in c:\eps_deploy\BitBucketBuild\BOBE 
***  
asc_swc.h
asc_swc_lut.h
Compiler.h
Compiler_Cfg.h
Os.h
Os_Cfg.h
Os_Compiler_Cfg.h
Os_Metrics.h
Os_Safe_Cfg.h
Platform_Types.h
Rte.h
Rte_ASC_SWC.h
Rte_ASC_SWC_Type.h
Rte_Cfg.h
Rte_Const.h
Rte_DataHandleType.h
Rte_Intl.h
Rte_MemMap.h
Rte_SAC_SWC.h
Rte_SAC_SWC_Type.h
Rte_Type.h
sac_swc.h
sac_swc_lut.h
Std_Types.h
tllimits.h
tl_defines_asc.h
tl_defines_sac.h
tl_defines_ZPC.h
tl_dsfxp_limits.h
tl_dsfxp_types.h
tl_types.h
ZPC_eep.h
ZPC_msm.h
ZPC_ram.h
ZPC_sys.h
ZPC_veh.h
*** Search for c files in c:\eps_deploy\BitBucketBuild\BOBE 
***  
"c:\eps_deploy\BitBucketBuild\BOBE\SRC\dummy.c" 
*** Create objects in C:\eps_deploy\BitBucketBuild\BOBE\BuildOutput\standard_executable_file\Objects 
***  
*** C:\toolbase\greenhills_rel\comp_202115_2fp_x64\ccrh850.exe  --no_debug -delete -passsource -ffunctions -recipf -cpu=rh850g3m -no_callt -ignore_callt_state_in_interrupts -large_sda -shorten_loads -shorten_moves --short_enum -nostdlib -reserve_r2 -MD --no_commons -prepare_dispose -inline_prologue -fhard -ansi -Wshadow --prototype_errors -DCOMPILERCFG_EXTENSION_MCAL_FILE -Ogeneral -sda=0 --diag_suppress 186,191 --quit_after_warnings  -DHAVE_SDK                  -DFCT_CO_CONF_VAR1  -DFEAT_FUNCTIONCOORDINATOR               -DFEAT_VEHSP_SAFE -DFEAT_VEHSP_WRAPPER4OLD    -DFEAT_CPR_RACKPOSITION_SYNCHRONIZATION   -DFEAT_CPR_RACKPOSITION_MAIN       -DFEAT_MECHANICALSTUCKPREVENTIONCHECK      -DFEAT_SCRUISELIMITER -DFEAT_SCRUISELIMITER -UFEAT_SMARTCRUISE -DFEAT_SMARTCRUISE_FADER_WITH_SCI   -DFEAT_MOTORTORQUELIMITER -DFEAT_CPR_LOWVOLT_ASSISTREDUCTION     -DFEAT_TORQUESENSORFALLBACK  -DFEAT_CPR_ACTIVERETURNCHECK   -DFEAT_CPR_ENDSTOP  -DFEAT_HIGHSPEEDDAMPINGCHECK      -UFEAT_SACTRL_ENABLED              -DDITHERCONTROLCHECK   -DFEAT_CPR_SYSTEMDATA -DFEAT_CPR_BATTERY_VOLTAGE_MONITOR                          -UFEAT_PARCOMPILE_ON -USCIFI -UFEAT_PARNVHCOMPILE_ON -UNVHADDON             -DFEAT_CPR_APPLICATIONSTATEMACHINESUPP         -DENABLE_BLDR_MEMCPY                            -DSFDC_NO_EB_STDLIB    -DFEAT_MCDATA_INTEGRITY   -DFEAT_CPR_CALIB_DATA_HANDLER -DFEAT_STEERINGRANGETRACKER -DFEAT_MECHLOADTRACKER  -DFEAT_MILEAGETRACKER -DFEAT_TEMPERATURETRACKER -DFEAT_CPR_CUSTOMERDATA     -DFEAT_OSMONITORING_MULTICORE      -DFEAT_CPR_TASKCONTROL_MULTICORE                     -DFEAT_CPR_SW_COMPATIBILITY_CHECK                -UFEAT_FITCOMPILE_ON -object_dir=C:\eps_deploy\BitBucketBuild\BOBE\BuildOutput\standard_executable_file\Objects -I .\BoschInputs\Includes -I C:\eps_deploy\BitBucketBuild\BOBE\BuildOutput\standard_executable_file\HFiles -I \Includes -c "c:\eps_deploy\BitBucketBuild\BOBE\SRC\dummy.c" 
Seen object file "C:\eps_deploy\BitBucketBuild\BOBE\BuildOutput\standard_executable_file\Objects\dummy.o" 
*** Create library C:\eps_deploy\BitBucketBuild\BOBE\BuildOutput\standard_executable_file\MQB37W_ASC_SAC.a 
***  
*** C:\toolbase\greenhills_rel\comp_202115_2fp_x64\ccrh850.exe "C:\eps_deploy\BitBucketBuild\BOBE\BuildOutput\standard_executable_file\Objects\dummy.o" -archive  -o C:\eps_deploy\BitBucketBuild\BOBE\BuildOutput\standard_executable_file\MQB37W_ASC_SAC.a 
*** Calc Ram Rom usage of modules *** 
***  
*** Calc Ram Rom usage of SWC *** 
***  
*** Deleting C:\eps_deploy\BitBucketBuild\BOBE\BuildOutput\standard_executable_file\tmpcinp.txt 
*** Deleting C:\eps_deploy\BitBucketBuild\BOBE\BuildOutput\standard_executable_file\tmpobjinp.txt 
***  
*** ****************************** 
*** standard_executable_file build done sucessfully 
*** ****************************** 
